scanner: 